Detecting compiler hash for triplet x64-windows...
Compiler found: C:/Program Files/Microsoft Visual Studio/18/Community/VC/Tools/MSVC/14.51.36231/bin/Hostx64/x64/cl.exe
The following packages are already installed:
  * brotli:x64-windows@1.2.0
  * c-ares:x64-windows@1.34.8
    drogon[core,postgres,orm]:x64-windows@1.9.13#2
  * jsoncpp:x64-windows@1.9.6
  * libpq[core,zlib,openssl,lz4]:x64-windows@18.4
    libsodium:x64-windows@1.0.22#1
  * lz4:x64-windows@1.10.0
  * openssl:x64-windows@3.6.4
  * pkgconf:x64-windows@3.0.3
  * trantor:x64-windows@1.5.28
  * vcpkg-cmake:x64-windows@2025-08-07
  * vcpkg-cmake-config:x64-windows@2026-07-21
  * vcpkg-cmake-get-vars:x64-windows@2025-05-29
  * vcpkg-make:x64-windows@2026-07-09
  * vcpkg-msbuild:x64-windows@2023-08-08
  * vcpkg-pkgconfig-get-modules:x64-windows@2024-04-03
  * vcpkg-tool-meson:x64-windows@1.9.0#10
  * zlib:x64-windows@1.3.2#2
The package drogon provides CMake targets:

    find_package(Drogon CONFIG REQUIRED)
    target_link_libraries(main PRIVATE Drogon::Drogon)

libsodium provides CMake targets:

  # this is heuristically generated, and may not be correct
  find_package(unofficial-sodium CONFIG REQUIRED)
  target_link_libraries(main PRIVATE unofficial-sodium::sodium)

libsodium provides pkg-config modules:

  # A modern and easy-to-use crypto library
  libsodium

All requested installations completed successfully in: 642 us
